
> javascript-refactoring-exercise@1.0.0 test
> jest src/transactions/transaction_processor.test.js

PASS src/transactions/transaction_processor.test.js
  ✓ check transaction processing when empty (4 ms)
  ✓ check transaction processing exception thrown when null passed (22 ms)
  ✓ check single transaction (1 ms)
  ✓ check multiple transactions same item (1 ms)
  ✓ check multiple transactions multiple items
  ✓ check multiple transactions alphabetical ordering correct
  ✓ check multiple transactions numerical order correct
  ✓ notebook example from the readme (1 ms)

Test Suites: 1 passed, 1 total
Tests:       8 passed, 8 total
Snapshots:   0 total
Time:        0.75 s, estimated 1 s
Ran all test suites matching /src\/transactions\/transaction_processor.test.js/i.
